---
source: crates/hdx_lexer/tests/basic_snapshots.rs
expression: tokens
---
[
  {
    "kind": "Ident",
    "offset": 0,
    "len": 2
  },
  {
    "kind": "LeftCurly",
    "offset": 3,
    "len": 1
  },
  {
    "kind": "Ident",
    "offset": 7,
    "len": 10
  },
  {
    "kind": "Colon",
    "offset": 17,
    "len": 1
  },
  {
    "kind": "Function",
    "offset": 19,
    "len": 16
  },
  {
    "kind": "Ident",
    "offset": 35,
    "len": 2
  },
  {
    "kind": "Ident",
    "offset": 38,
    "len": 5
  },
  {
    "kind": "Comma",
    "offset": 43,
    "len": 1
  },
  {
    "kind": "Ident",
    "offset": 45,
    "len": 11
  },
  {
    "kind": "Comma",
    "offset": 56,
    "len": 1
  },
  {
    "kind": "Function",
    "offset": 58,
    "len": 4
  },
  {
    "kind": "Ident",
    "offset": 62,
    "len": 14
  },
  {
    "kind": "RightParen",
    "offset": 76,
    "len": 1
  },
  {
    "kind": "Dimension",
    "offset": 78,
    "len": 3
  },
  {
    "kind": "Comma",
    "offset": 81,
    "len": 1
  },
  {
    "kind": "Function",
    "offset": 83,
    "len": 4
  },
  {
    "kind": "Ident",
    "offset": 87,
    "len": 14
  },
  {
    "kind": "RightParen",
    "offset": 101,
    "len": 1
  },
  {
    "kind": "Dimension",
    "offset": 103,
    "len": 3
  },
  {
    "kind": "Comma",
    "offset": 106,
    "len": 1
  },
  {
    "kind": "Ident",
    "offset": 108,
    "len": 11
  },
  {
    "kind": "RightParen",
    "offset": 119,
    "len": 1
  },
  {
    "kind": "Semicolon",
    "offset": 120,
    "len": 1
  },
  {
    "kind": "RightCurly",
    "offset": 122,
    "len": 1
  }
]
