---
source: crates/hdx_lexer/tests/postcss_snapshots.rs
expression: "get_tokens(\"../../tasks/coverage/postcss-parser-tests/cases/important.css\".into())"
---
[
  {
    "kind": "Ident",
    "value": "a"
  },
  {
    "kind": "Whitespace"
  },
  {
    "kind": "LeftCurly"
  },
  {
    "kind": "Whitespace"
  },
  {
    "kind": "Ident",
    "value": "width"
  },
  {
    "kind": "Colon"
  },
  {
    "kind": "Whitespace"
  },
  {
    "kind": "Dimension",
    "value": [
      1.0,
      "px",
      {
        "bits": 0
      }
    ]
  },
  {
    "kind": "Delim",
    "value": "!"
  },
  {
    "kind": "Ident",
    "value": "important"
  },
  {
    "kind": "Semicolon"
  },
  {
    "kind": "Whitespace"
  },
  {
    "kind": "Ident",
    "value": "color"
  },
  {
    "kind": "Colon"
  },
  {
    "kind": "Whitespace"
  },
  {
    "kind": "Ident",
    "value": "black"
  },
  {
    "kind": "Whitespace"
  },
  {
    "kind": "Delim",
    "value": "!"
  },
  {
    "kind": "Ident",
    "value": "important"
  },
  {
    "kind": "Whitespace"
  },
  {
    "kind": "Semicolon"
  },
  {
    "kind": "Whitespace"
  },
  {
    "kind": "RightCurly"
  },
  {
    "kind": "Whitespace"
  },
  {
    "kind": "Ident",
    "value": "p"
  },
  {
    "kind": "Whitespace"
  },
  {
    "kind": "LeftCurly"
  },
  {
    "kind": "Whitespace"
  },
  {
    "kind": "Ident",
    "value": "prop"
  },
  {
    "kind": "Colon"
  },
  {
    "kind": "Whitespace"
  },
  {
    "kind": "Ident",
    "value": "important"
  },
  {
    "kind": "Semicolon"
  },
  {
    "kind": "Whitespace"
  },
  {
    "kind": "Ident",
    "value": "color"
  },
  {
    "kind": "Colon"
  },
  {
    "kind": "Whitespace"
  },
  {
    "kind": "Ident",
    "value": "red"
  },
  {
    "kind": "Whitespace"
  },
  {
    "kind": "Ident",
    "value": "important"
  },
  {
    "kind": "Semicolon"
  },
  {
    "kind": "Whitespace"
  },
  {
    "kind": "Ident",
    "value": "margin"
  },
  {
    "kind": "Colon"
  },
  {
    "kind": "Whitespace"
  },
  {
    "kind": "Dimension",
    "value": [
      10.0,
      "px",
      {
        "bits": 0
      }
    ]
  },
  {
    "kind": "Whitespace"
  },
  {
    "kind": "Delim",
    "value": "!"
  },
  {
    "kind": "Whitespace"
  },
  {
    "kind": "Ident",
    "value": "important"
  },
  {
    "kind": "Semicolon"
  },
  {
    "kind": "Whitespace"
  },
  {
    "kind": "Ident",
    "value": "padding"
  },
  {
    "kind": "Colon"
  },
  {
    "kind": "Whitespace"
  },
  {
    "kind": "Dimension",
    "value": [
      20.0,
      "px",
      {
        "bits": 0
      }
    ]
  },
  {
    "kind": "Whitespace"
  },
  {
    "kind": "Delim",
    "value": "!"
  },
  {
    "kind": "Whitespace"
  },
  {
    "kind": "Comment",
    "value": " test "
  },
  {
    "kind": "Whitespace"
  },
  {
    "kind": "Ident",
    "value": "important"
  },
  {
    "kind": "Semicolon"
  },
  {
    "kind": "Whitespace"
  },
  {
    "kind": "Ident",
    "value": "width"
  },
  {
    "kind": "Colon"
  },
  {
    "kind": "Whitespace"
  },
  {
    "kind": "Dimension",
    "value": [
      100.0,
      "px",
      {
        "bits": 0
      }
    ]
  },
  {
    "kind": "Whitespace"
  },
  {
    "kind": "Delim",
    "value": "!"
  },
  {
    "kind": "Whitespace"
  },
  {
    "kind": "Comment",
    "value": "! test "
  },
  {
    "kind": "Whitespace"
  },
  {
    "kind": "Ident",
    "value": "important"
  },
  {
    "kind": "Semicolon"
  },
  {
    "kind": "Whitespace"
  },
  {
    "kind": "Ident",
    "value": "height"
  },
  {
    "kind": "Colon"
  },
  {
    "kind": "Whitespace"
  },
  {
    "kind": "Dimension",
    "value": [
      100.0,
      "px",
      {
        "bits": 0
      }
    ]
  },
  {
    "kind": "Whitespace"
  },
  {
    "kind": "Comment",
    "value": "! test "
  },
  {
    "kind": "Whitespace"
  },
  {
    "kind": "Ident",
    "value": "important"
  },
  {
    "kind": "Semicolon"
  },
  {
    "kind": "Whitespace"
  },
  {
    "kind": "Ident",
    "value": "z-index"
  },
  {
    "kind": "Colon"
  },
  {
    "kind": "Whitespace"
  },
  {
    "kind": "Number",
    "value": [
      1.0,
      {
        "bits": 0
      }
    ]
  },
  {
    "kind": "Whitespace"
  },
  {
    "kind": "String",
    "value": [
      "",
      {
        "kind": "Double"
      }
    ]
  },
  {
    "kind": "Delim",
    "value": "!"
  },
  {
    "kind": "Whitespace"
  },
  {
    "kind": "Ident",
    "value": "important"
  },
  {
    "kind": "Semicolon"
  },
  {
    "kind": "Whitespace"
  },
  {
    "kind": "Ident",
    "value": "padding"
  },
  {
    "kind": "Colon"
  },
  {
    "kind": "Whitespace"
  },
  {
    "kind": "Dimension",
    "value": [
      1.0,
      "px",
      {
        "bits": 0
      }
    ]
  },
  {
    "kind": "Comment",
    "value": " sep "
  },
  {
    "kind": "Delim",
    "value": "!"
  },
  {
    "kind": "Ident",
    "value": "important"
  },
  {
    "kind": "Semicolon"
  },
  {
    "kind": "Whitespace"
  },
  {
    "kind": "Ident",
    "value": "left"
  },
  {
    "kind": "Colon"
  },
  {
    "kind": "Whitespace"
  },
  {
    "kind": "Number",
    "value": [
      10.0,
      {
        "bits": 0
      }
    ]
  },
  {
    "kind": "Whitespace"
  },
  {
    "kind": "Delim",
    "value": "!"
  },
  {
    "kind": "Ident",
    "value": "IMPORTANT"
  },
  {
    "kind": "Semicolon"
  },
  {
    "kind": "Whitespace"
  },
  {
    "kind": "Ident",
    "value": "right"
  },
  {
    "kind": "Colon"
  },
  {
    "kind": "Whitespace"
  },
  {
    "kind": "Number",
    "value": [
      10.0,
      {
        "bits": 0
      }
    ]
  },
  {
    "kind": "Whitespace"
  },
  {
    "kind": "Delim",
    "value": "!"
  },
  {
    "kind": "Whitespace"
  },
  {
    "kind": "Ident",
    "value": "IMPORTANT"
  },
  {
    "kind": "Semicolon"
  },
  {
    "kind": "Whitespace"
  },
  {
    "kind": "RightCurly"
  },
  {
    "kind": "Whitespace"
  }
]
