---
source: crates/hdx_lexer/tests/postcss_snapshots.rs
expression: "get_tokens(\"../../tasks/coverage/postcss-parser-tests/cases/custom-properties.css\".into())"
---
[
  {
    "kind": "Colon"
  },
  {
    "kind": "Ident",
    "value": "root"
  },
  {
    "kind": "Whitespace"
  },
  {
    "kind": "LeftCurly"
  },
  {
    "kind": "Whitespace"
  },
  {
    "kind": "Ident",
    "value": "--number"
  },
  {
    "kind": "Colon"
  },
  {
    "kind": "Whitespace"
  },
  {
    "kind": "Number",
    "value": [
      1.0,
      {
        "bits": 0
      }
    ]
  },
  {
    "kind": "Semicolon"
  },
  {
    "kind": "Whitespace"
  },
  {
    "kind": "Ident",
    "value": "--unit"
  },
  {
    "kind": "Colon"
  },
  {
    "kind": "Whitespace"
  },
  {
    "kind": "Dimension",
    "value": [
      100.0,
      "vw",
      {
        "bits": 0
      }
    ]
  },
  {
    "kind": "Semicolon"
  },
  {
    "kind": "Whitespace"
  },
  {
    "kind": "Ident",
    "value": "--color"
  },
  {
    "kind": "Colon"
  },
  {
    "kind": "Whitespace"
  },
  {
    "kind": "Hash",
    "value": "06c"
  },
  {
    "kind": "Semicolon"
  },
  {
    "kind": "Whitespace"
  },
  {
    "kind": "Ident",
    "value": "--function"
  },
  {
    "kind": "Colon"
  },
  {
    "kind": "Whitespace"
  },
  {
    "kind": "Function",
    "value": "calc"
  },
  {
    "kind": "Number",
    "value": [
      1.0,
      {
        "bits": 0
      }
    ]
  },
  {
    "kind": "Whitespace"
  },
  {
    "kind": "Delim",
    "value": "+"
  },
  {
    "kind": "Whitespace"
  },
  {
    "kind": "Number",
    "value": [
      1.0,
      {
        "bits": 0
      }
    ]
  },
  {
    "kind": "RightParen"
  },
  {
    "kind": "Semicolon"
  },
  {
    "kind": "Whitespace"
  },
  {
    "kind": "Ident",
    "value": "--variable"
  },
  {
    "kind": "Colon"
  },
  {
    "kind": "Whitespace"
  },
  {
    "kind": "Function",
    "value": "var"
  },
  {
    "kind": "Ident",
    "value": "--unit"
  },
  {
    "kind": "RightParen"
  },
  {
    "kind": "Semicolon"
  },
  {
    "kind": "Whitespace"
  },
  {
    "kind": "Ident",
    "value": "--string"
  },
  {
    "kind": "Colon"
  },
  {
    "kind": "Whitespace"
  },
  {
    "kind": "String",
    "value": [
      "single quoted string",
      {
        "kind": "Single"
      }
    ]
  },
  {
    "kind": "Semicolon"
  },
  {
    "kind": "Whitespace"
  },
  {
    "kind": "Ident",
    "value": "--string"
  },
  {
    "kind": "Colon"
  },
  {
    "kind": "Whitespace"
  },
  {
    "kind": "String",
    "value": [
      "double quoted string",
      {
        "kind": "Double"
      }
    ]
  },
  {
    "kind": "Semicolon"
  },
  {
    "kind": "Whitespace"
  },
  {
    "kind": "Ident",
    "value": "--square-block"
  },
  {
    "kind": "Colon"
  },
  {
    "kind": "Whitespace"
  },
  {
    "kind": "LeftSquare"
  },
  {
    "kind": "Number",
    "value": [
      1.0,
      {
        "bits": 0
      }
    ]
  },
  {
    "kind": "Comma"
  },
  {
    "kind": "Whitespace"
  },
  {
    "kind": "Number",
    "value": [
      2.0,
      {
        "bits": 0
      }
    ]
  },
  {
    "kind": "Comma"
  },
  {
    "kind": "Whitespace"
  },
  {
    "kind": "Number",
    "value": [
      3.0,
      {
        "bits": 0
      }
    ]
  },
  {
    "kind": "RightSquare"
  },
  {
    "kind": "Semicolon"
  },
  {
    "kind": "Whitespace"
  },
  {
    "kind": "Ident",
    "value": "--round-block"
  },
  {
    "kind": "Colon"
  },
  {
    "kind": "Whitespace"
  },
  {
    "kind": "LeftParen"
  },
  {
    "kind": "Number",
    "value": [
      1.0,
      {
        "bits": 0
      }
    ]
  },
  {
    "kind": "Comma"
  },
  {
    "kind": "Whitespace"
  },
  {
    "kind": "Number",
    "value": [
      2.0,
      {
        "bits": 0
      }
    ]
  },
  {
    "kind": "Comma"
  },
  {
    "kind": "Whitespace"
  },
  {
    "kind": "Number",
    "value": [
      3.0,
      {
        "bits": 0
      }
    ]
  },
  {
    "kind": "RightParen"
  },
  {
    "kind": "Semicolon"
  },
  {
    "kind": "Whitespace"
  },
  {
    "kind": "Ident",
    "value": "--empty1"
  },
  {
    "kind": "Colon"
  },
  {
    "kind": "Whitespace"
  },
  {
    "kind": "Semicolon"
  },
  {
    "kind": "Whitespace"
  },
  {
    "kind": "Ident",
    "value": "--empty2"
  },
  {
    "kind": "Colon"
  },
  {
    "kind": "Whitespace"
  },
  {
    "kind": "Comment",
    "value": ""
  },
  {
    "kind": "Semicolon"
  },
  {
    "kind": "Whitespace"
  },
  {
    "kind": "Ident",
    "value": "--empty3"
  },
  {
    "kind": "Colon"
  },
  {
    "kind": "Whitespace"
  },
  {
    "kind": "Delim",
    "value": "!"
  },
  {
    "kind": "Ident",
    "value": "important"
  },
  {
    "kind": "Semicolon"
  },
  {
    "kind": "Whitespace"
  },
  {
    "kind": "Ident",
    "value": "--empty4"
  },
  {
    "kind": "Colon"
  },
  {
    "kind": "Comment",
    "value": ""
  },
  {
    "kind": "Whitespace"
  },
  {
    "kind": "Delim",
    "value": "!"
  },
  {
    "kind": "Ident",
    "value": "important"
  },
  {
    "kind": "Semicolon"
  },
  {
    "kind": "Whitespace"
  },
  {
    "kind": "Ident",
    "value": "--empty5"
  },
  {
    "kind": "Colon"
  },
  {
    "kind": "Comment",
    "value": ""
  },
  {
    "kind": "Whitespace"
  },
  {
    "kind": "Semicolon"
  },
  {
    "kind": "Whitespace"
  },
  {
    "kind": "Ident",
    "value": "--bracket-block"
  },
  {
    "kind": "Colon"
  },
  {
    "kind": "Whitespace"
  },
  {
    "kind": "LeftCurly"
  },
  {
    "kind": "Number",
    "value": [
      1.0,
      {
        "bits": 0
      }
    ]
  },
  {
    "kind": "Comma"
  },
  {
    "kind": "Whitespace"
  },
  {
    "kind": "Number",
    "value": [
      2.0,
      {
        "bits": 0
      }
    ]
  },
  {
    "kind": "Comma"
  },
  {
    "kind": "Whitespace"
  },
  {
    "kind": "Number",
    "value": [
      3.0,
      {
        "bits": 0
      }
    ]
  },
  {
    "kind": "RightCurly"
  },
  {
    "kind": "Semicolon"
  },
  {
    "kind": "Whitespace"
  },
  {
    "kind": "Ident",
    "value": "--JSON"
  },
  {
    "kind": "Colon"
  },
  {
    "kind": "Whitespace"
  },
  {
    "kind": "LeftSquare"
  },
  {
    "kind": "Number",
    "value": [
      1.0,
      {
        "bits": 0
      }
    ]
  },
  {
    "kind": "Comma"
  },
  {
    "kind": "Whitespace"
  },
  {
    "kind": "String",
    "value": [
      "2",
      {
        "kind": "Double"
      }
    ]
  },
  {
    "kind": "Comma"
  },
  {
    "kind": "Whitespace"
  },
  {
    "kind": "LeftCurly"
  },
  {
    "kind": "String",
    "value": [
      "three",
      {
        "kind": "Double"
      }
    ]
  },
  {
    "kind": "Colon"
  },
  {
    "kind": "Whitespace"
  },
  {
    "kind": "LeftCurly"
  },
  {
    "kind": "String",
    "value": [
      "a",
      {
        "kind": "Double"
      }
    ]
  },
  {
    "kind": "Colon"
  },
  {
    "kind": "Number",
    "value": [
      1.0,
      {
        "bits": 0
      }
    ]
  },
  {
    "kind": "RightCurly"
  },
  {
    "kind": "RightCurly"
  },
  {
    "kind": "Comma"
  },
  {
    "kind": "Whitespace"
  },
  {
    "kind": "LeftSquare"
  },
  {
    "kind": "Number",
    "value": [
      4.0,
      {
        "bits": 0
      }
    ]
  },
  {
    "kind": "RightSquare"
  },
  {
    "kind": "RightSquare"
  },
  {
    "kind": "Semicolon"
  },
  {
    "kind": "Whitespace"
  },
  {
    "kind": "Ident",
    "value": "--javascript"
  },
  {
    "kind": "Colon"
  },
  {
    "kind": "Whitespace"
  },
  {
    "kind": "Function",
    "value": "function"
  },
  {
    "kind": "Ident",
    "value": "rule"
  },
  {
    "kind": "RightParen"
  },
  {
    "kind": "Whitespace"
  },
  {
    "kind": "LeftCurly"
  },
  {
    "kind": "Whitespace"
  },
  {
    "kind": "Ident",
    "value": "console"
  },
  {
    "kind": "Delim",
    "value": "."
  },
  {
    "kind": "Function",
    "value": "log"
  },
  {
    "kind": "Ident",
    "value": "rule"
  },
  {
    "kind": "RightParen"
  },
  {
    "kind": "Whitespace"
  },
  {
    "kind": "RightCurly"
  },
  {
    "kind": "Semicolon"
  },
  {
    "kind": "Whitespace"
  },
  {
    "kind": "RightCurly"
  },
  {
    "kind": "Whitespace"
  },
  {
    "kind": "Colon"
  },
  {
    "kind": "Ident",
    "value": "root"
  },
  {
    "kind": "LeftCurly"
  },
  {
    "kind": "Ident",
    "value": "--a"
  },
  {
    "kind": "Colon"
  },
  {
    "kind": "Number",
    "value": [
      1.0,
      {
        "bits": 0
      }
    ]
  },
  {
    "kind": "RightCurly"
  },
  {
    "kind": "Whitespace"
  },
  {
    "kind": "Delim",
    "value": "."
  },
  {
    "kind": "Ident",
    "value": "semicolon-less"
  },
  {
    "kind": "Whitespace"
  },
  {
    "kind": "LeftCurly"
  },
  {
    "kind": "Ident",
    "value": "--empty-end"
  },
  {
    "kind": "Colon"
  },
  {
    "kind": "Comment",
    "value": ""
  },
  {
    "kind": "Whitespace"
  },
  {
    "kind": "RightCurly"
  },
  {
    "kind": "Whitespace"
  },
  {
    "kind": "Delim",
    "value": "."
  },
  {
    "kind": "Ident",
    "value": "empty"
  },
  {
    "kind": "LeftCurly"
  },
  {
    "kind": "Ident",
    "value": "--a"
  },
  {
    "kind": "Colon"
  },
  {
    "kind": "Whitespace"
  },
  {
    "kind": "RightCurly"
  },
  {
    "kind": "Whitespace"
  }
]
