---
source: crates/hdx_lexer/tests/postcss_snapshots.rs
expression: tokens
---
[
  {
    "kind": "Ident",
    "offset": 0,
    "len": 1
  },
  {
    "kind": "LeftCurly",
    "offset": 2,
    "len": 1
  },
  {
    "kind": "Ident",
    "offset": 4,
    "len": 5
  },
  {
    "kind": "Colon",
    "offset": 9,
    "len": 1
  },
  {
    "kind": "Ident",
    "offset": 11,
    "len": 1
  },
  {
    "kind": "Ident",
    "offset": 20,
    "len": 1
  },
  {
    "kind": "Semicolon",
    "offset": 23,
    "len": 1
  },
  {
    "kind": "RightCurly",
    "offset": 25,
    "len": 1
  }
]
