---
source: crates/hdx_lexer/tests/postcss_snapshots.rs
expression: "get_tokens(\"../../tasks/coverage/postcss-parser-tests/cases/semicolons.css\".into())"
---
[
  {
    "kind": "Ident",
    "value": "a"
  },
  {
    "kind": "Whitespace"
  },
  {
    "kind": "LeftCurly"
  },
  {
    "kind": "Semicolon"
  },
  {
    "kind": "Semicolon"
  },
  {
    "kind": "Whitespace"
  },
  {
    "kind": "Ident",
    "value": "color"
  },
  {
    "kind": "Colon"
  },
  {
    "kind": "Whitespace"
  },
  {
    "kind": "Ident",
    "value": "black"
  },
  {
    "kind": "Semicolon"
  },
  {
    "kind": "Whitespace"
  },
  {
    "kind": "Semicolon"
  },
  {
    "kind": "Whitespace"
  },
  {
    "kind": "Semicolon"
  },
  {
    "kind": "Whitespace"
  },
  {
    "kind": "RightCurly"
  },
  {
    "kind": "Whitespace"
  }
]
