---
source: crates/hdx_lexer/tests/postcss_snapshots.rs
expression: "get_tokens(\"../../tasks/coverage/postcss-parser-tests/cases/quotes.css\".into())"
---
[
  {
    "kind": "Ident",
    "value": "a"
  },
  {
    "kind": "Colon"
  },
  {
    "kind": "Colon"
  },
  {
    "kind": "Ident",
    "value": "before"
  },
  {
    "kind": "Whitespace"
  },
  {
    "kind": "LeftCurly"
  },
  {
    "kind": "Whitespace"
  },
  {
    "kind": "Ident",
    "value": "content"
  },
  {
    "kind": "Colon"
  },
  {
    "kind": "Whitespace"
  },
  {
    "kind": "String",
    "value": [
      ";'@ /**/\"",
      {
        "kind": "Double"
      }
    ]
  },
  {
    "kind": "Semicolon"
  },
  {
    "kind": "Whitespace"
  },
  {
    "kind": "Ident",
    "value": "content"
  },
  {
    "kind": "Colon"
  },
  {
    "kind": "Whitespace"
  },
  {
    "kind": "String",
    "value": [
      "'\"\\",
      {
        "kind": "Single"
      }
    ]
  },
  {
    "kind": "Semicolon"
  },
  {
    "kind": "Whitespace"
  },
  {
    "kind": "RightCurly"
  },
  {
    "kind": "Whitespace"
  }
]
