---
source: crates/hdx_lexer/tests/postcss_snapshots.rs
expression: tokens
---
[
  {
    "kind": "Colon",
    "offset": 0,
    "len": 1
  },
  {
    "kind": "Ident",
    "offset": 1,
    "len": 4
  },
  {
    "kind": "LeftCurly",
    "offset": 6,
    "len": 1
  },
  {
    "kind": "Ident",
    "offset": 10,
    "len": 11
  },
  {
    "kind": "Colon",
    "offset": 21,
    "len": 1
  },
  {
    "kind": "LeftCurly",
    "offset": 23,
    "len": 1
  },
  {
    "kind": "Ident",
    "offset": 29,
    "len": 5
  },
  {
    "kind": "Colon",
    "offset": 34,
    "len": 1
  },
  {
    "kind": "Number",
    "offset": 36,
    "len": 1
  },
  {
    "kind": "Semicolon",
    "offset": 37,
    "len": 1
  },
  {
    "kind": "Ident",
    "offset": 43,
    "len": 6
  },
  {
    "kind": "Colon",
    "offset": 49,
    "len": 1
  },
  {
    "kind": "Number",
    "offset": 51,
    "len": 1
  },
  {
    "kind": "Semicolon",
    "offset": 52,
    "len": 1
  },
  {
    "kind": "RightCurly",
    "offset": 56,
    "len": 1
  },
  {
    "kind": "Semicolon",
    "offset": 57,
    "len": 1
  },
  {
    "kind": "Ident",
    "offset": 61,
    "len": 12
  },
  {
    "kind": "Colon",
    "offset": 73,
    "len": 1
  },
  {
    "kind": "LeftCurly",
    "offset": 75,
    "len": 1
  },
  {
    "kind": "Ident",
    "offset": 81,
    "len": 5
  },
  {
    "kind": "Colon",
    "offset": 86,
    "len": 1
  },
  {
    "kind": "Dimension",
    "offset": 88,
    "len": 4,
    "unit": "px"
  },
  {
    "kind": "Semicolon",
    "offset": 92,
    "len": 1
  },
  {
    "kind": "Ident",
    "offset": 98,
    "len": 6
  },
  {
    "kind": "Colon",
    "offset": 104,
    "len": 1
  },
  {
    "kind": "Dimension",
    "offset": 106,
    "len": 4,
    "unit": "px"
  },
  {
    "kind": "Semicolon",
    "offset": 110,
    "len": 1
  },
  {
    "kind": "RightCurly",
    "offset": 114,
    "len": 1
  },
  {
    "kind": "Semicolon",
    "offset": 118,
    "len": 1
  },
  {
    "kind": "RightCurly",
    "offset": 120,
    "len": 1
  }
]
