---
source: crates/hdx_lexer/tests/postcss_snapshots.rs
expression: tokens
---
[
  {
    "kind": "Ident",
    "offset": 0,
    "len": 1
  },
  {
    "kind": "LeftCurly",
    "offset": 2,
    "len": 1
  },
  {
    "kind": "Ident",
    "offset": 8,
    "len": 6
  },
  {
    "kind": "Colon",
    "offset": 14,
    "len": 1
  },
  {
    "kind": "Ident",
    "offset": 16,
    "len": 6
  },
  {
    "kind": "Colon",
    "offset": 22,
    "len": 1
  },
  {
    "kind": "Ident",
    "offset": 23,
    "len": 16
  },
  {
    "kind": "Delim",
    "offset": 39,
    "len": 1
  },
  {
    "kind": "Ident",
    "offset": 40,
    "len": 9
  },
  {
    "kind": "Delim",
    "offset": 49,
    "len": 1
  },
  {
    "kind": "Function",
    "offset": 50,
    "len": 5
  },
  {
    "kind": "Ident",
    "offset": 55,
    "len": 11
  },
  {
    "kind": "Delim",
    "offset": 66,
    "len": 1
  },
  {
    "kind": "Number",
    "offset": 67,
    "len": 1
  },
  {
    "kind": "RightParen",
    "offset": 68,
    "len": 1
  },
  {
    "kind": "Ident",
    "offset": 70,
    "len": 6
  },
  {
    "kind": "Colon",
    "offset": 76,
    "len": 1
  },
  {
    "kind": "Ident",
    "offset": 77,
    "len": 16
  },
  {
    "kind": "Delim",
    "offset": 93,
    "len": 1
  },
  {
    "kind": "Ident",
    "offset": 94,
    "len": 9
  },
  {
    "kind": "Delim",
    "offset": 103,
    "len": 1
  },
  {
    "kind": "Function",
    "offset": 104,
    "len": 6
  },
  {
    "kind": "Ident",
    "offset": 110,
    "len": 8
  },
  {
    "kind": "Delim",
    "offset": 118,
    "len": 1
  },
  {
    "kind": "Number",
    "offset": 119,
    "len": 1
  },
  {
    "kind": "RightParen",
    "offset": 120,
    "len": 1
  },
  {
    "kind": "Semicolon",
    "offset": 121,
    "len": 1
  },
  {
    "kind": "RightCurly",
    "offset": 123,
    "len": 1
  }
]
