---
source: crates/hdx_proc_macro/src/test.rs
expression: pretty
---
#[derive(Debug, Clone, PartialEq, Eq, PartialOrd, Ord, Hash)]
#[cfg_attr(feature = "serde", derive(serde::Serialize), serde())]
struct Foo(
    pub types::Length,
    pub types::Length,
    pub Option<types::Length>,
    pub Option<types::Length>,
);
#[automatically_derived]
impl<'a> ::hdx_parser::Peek<'a> for Foo {
    fn peek(p: &::hdx_parser::Parser<'a>) -> bool {
        use ::hdx_parser::Peek;
        p.peek::<types::Length>()
    }
}
#[automatically_derived]
impl<'a> ::hdx_parser::Parse<'a> for Foo {
    fn parse(p: &mut ::hdx_parser::Parser<'a>) -> ::hdx_parser::Result<Self> {
        use ::hdx_parser::Parse;
        let val0 = p.parse::<types::Length>()?;
        let val1 = p.parse::<types::Length>()?;
        let val2 = p.parse_if_peek::<types::Length>()?;
        let val3 = p.parse_if_peek::<types::Length>()?;
        Ok(Self(val0, val1, val2, val3))
    }
}
#[automatically_derived]
impl<'a> ::hdx_parser::ToCursors<'a> for Foo {
    fn to_cursors(&self, s: &mut ::hdx_parser::CursorStream<'a>) {
        ::hdx_parser::ToCursors::to_cursors(&self.0, s);
        ::hdx_parser::ToCursors::to_cursors(&self.1, s);
        if let Some(inner) = &self.2 {
            ::hdx_parser::ToCursors::to_cursors(inner, s);
        }
        if let Some(inner) = &self.3 {
            ::hdx_parser::ToCursors::to_cursors(inner, s);
        }
    }
}
