---
source: crates/hdx_proc_macro/src/test.rs
expression: pretty
---
#[derive(Debug, PartialEq, Clone, Hash)]
#[cfg_attr(feature = "serde", derive(serde::Serialize), serde())]
struct Foo(pub types::CaretColor, pub Option<types::CaretAnimation>);
#[automatically_derived]
impl<'a> ::hdx_parser::Peek<'a> for Foo {
    fn peek(parser: &::hdx_parser::Parser<'a>) -> Option<::hdx_lexer::Token> {
        use ::hdx_parser::Peek;
        parser.peek::<types::CaretColor>()
    }
}
#[automatically_derived]
impl<'a> ::hdx_parser::Parse<'a> for Foo {
    fn parse(parser: &mut ::hdx_parser::Parser<'a>) -> ::hdx_parser::Result<Self> {
        use ::hdx_parser::Parse;
        let val0 = parser.parse::<types::CaretColor>()?;
        let val1 = parser.parse_if_peek::<types::CaretAnimation>()?;
        Ok(Self(val0, val1))
    }
}
#[automatically_derived]
impl<'a> ::hdx_writer::WriteCss<'a> for Foo {
    fn write_css<W: ::hdx_writer::CssWriter>(
        &self,
        sink: &mut W,
    ) -> ::hdx_writer::Result {
        use ::hdx_writer::WriteCss;
        self.0.write_css(sink);
        if let Some(inner) = &self.1 {
            sink.write_char(' ');
            inner.write_css(sink);
        }
        Ok(())
    }
}
