---
source: crates/hdx_proc_macro/src/test.rs
expression: pretty
---
#[derive(Debug, Clone, PartialEq, Eq, PartialOrd, Ord, Hash)]
#[cfg_attr(feature = "serde", derive(serde::Serialize), serde())]
struct Foo<'a>(pub types::Image<'a>);
#[automatically_derived]
impl<'a> ::css_parse::Peek<'a> for Foo<'a> {
    fn peek(p: &::css_parse::Parser<'a>, c: ::css_lexer::Cursor) -> bool {
        use ::css_parse::Peek;
        p.peek::<types::Image>()
    }
}
#[automatically_derived]
impl<'a> ::css_parse::Parse<'a> for Foo<'a> {
    fn parse(p: &mut ::css_parse::Parser<'a>) -> ::css_parse::Result<Self> {
        use ::css_parse::Parse;
        let val = p.parse::<types::Image>()?;
        Ok(Self(val))
    }
}
#[automatically_derived]
impl<'a> ::css_parse::ToCursors for Foo<'a> {
    fn to_cursors(&self, s: &mut impl ::css_parse::CursorSink) {
        ::css_parse::ToCursors::to_cursors(&self.0, s);
    }
}
