---
source: crates/hdx_proc_macro/src/test.rs
expression: pretty
---
::css_parse::keyword_set!(FooKeywords { FitContent : "fit-content", });
#[derive(Debug, Clone, PartialEq, Eq, PartialOrd, Ord, Hash)]
#[cfg_attr(feature = "serde", derive(serde::Serialize), serde())]
enum Foo {
    FitContent(::css_parse::T![Ident]),
    FitContentFunction(
        ::css_parse::T![Function],
        types::LengthPercentage,
        Option<::css_parse::T![')']>,
    ),
}
#[automatically_derived]
impl<'a> ::css_parse::Peek<'a> for Foo {
    fn peek(p: &::css_parse::Parser<'a>, c: ::css_lexer::Cursor) -> bool {
        use ::css_parse::Peek;
        p.peek::<::css_parse::T![Ident]>() || p.peek::<::css_parse::T![Function]>()
    }
}
#[automatically_derived]
impl<'a> ::css_parse::Parse<'a> for Foo {
    fn parse(p: &mut ::css_parse::Parser<'a>) -> ::css_parse::Result<Self> {
        use ::css_parse::Parse;
        if p.peek::<::css_parse::T![Ident]>() {
            let c = p.peek_n(1);
            let keywords = p.parse::<FooKeywords>();
            match keywords {
                Ok(FooKeywords::FitContent(_)) => {
                    return Ok(Self::FitContent(p.parse::<::css_parse::T![Ident]>()?));
                }
                Err(_) => {}
            }
        }
        let function = p.parse::<::css_parse::T![Function]>()?;
        let c: css_lexer::Cursor = function.into();
        if p.eq_ignore_ascii_case(c, "fit-content") {
            return Err(
                ::css_parse::diagnostics::UnexpectedFunction(
                    p.parse_str(c).into(),
                    c.into(),
                ),
            )?;
        }
        let start = p.offset();
        let val = p.parse::<types::LengthPercentage>()?;
        let valf32: f32 = val.into();
        if 0f32 > valf32 {
            return Err(
                ::css_parse::diagnostics::NumberTooSmall(
                    0f32,
                    ::css_lexer::Span::new(start, p.offset()),
                ),
            )?;
        }
        let close = p.parse_if_peek::<::css_parse::T![')']>()?;
        Ok(Self::FitContentFunction(function, val, close))
    }
}
#[automatically_derived]
impl ::css_parse::ToCursors for Foo {
    fn to_cursors(&self, s: &mut impl ::css_parse::CursorSink) {
        match self {
            Self::FitContent(inner) => {
                s.append(inner.into());
            }
            Self::FitContentFunction(function, val, close) => {
                s.append(function.into());
                ::css_parse::ToCursors::to_cursors(val, s);
                if let Some(close) = close {
                    s.append(close.into());
                }
            }
        }
    }
}
