---
source: crates/hdx_proc_macro/src/test.rs
expression: pretty
---
#[derive(Debug, Clone, PartialEq, Eq, PartialOrd, Ord, Hash)]
#[cfg_attr(feature = "serde", derive(serde::Serialize), serde())]
struct Foo(
    pub types::AnimateableFeature,
    pub Option<types::AnimateableFeature>,
    pub Option<types::AnimateableFeature>,
);
#[automatically_derived]
impl<'a> ::hdx_parser::Peek<'a> for Foo {
    fn peek(p: &::hdx_parser::Parser<'a>) -> bool {
        use ::hdx_parser::Peek;
        p.peek::<types::AnimateableFeature>()
    }
}
#[automatically_derived]
impl<'a> ::hdx_parser::Parse<'a> for Foo {
    fn parse(p: &mut ::hdx_parser::Parser<'a>) -> ::hdx_parser::Result<Self> {
        use ::hdx_parser::Parse;
        let val0 = p.parse::<types::AnimateableFeature>()?;
        let val1 = p.parse_if_peek::<types::AnimateableFeature>()?;
        let val2 = p.parse_if_peek::<types::AnimateableFeature>()?;
        Ok(Self(val0, val1, val2))
    }
}
#[automatically_derived]
impl ::hdx_parser::ToCursors for Foo {
    fn to_cursors(&self, s: &mut impl ::hdx_parser::CursorSink) {
        ::hdx_parser::ToCursors::to_cursors(&self.0, s);
        if let Some(inner) = &self.1 {
            ::hdx_parser::ToCursors::to_cursors(inner, s);
        }
        if let Some(inner) = &self.2 {
            ::hdx_parser::ToCursors::to_cursors(inner, s);
        }
    }
}
