---
source: crates/hdx_proc_macro/src/test.rs
expression: pretty
---
::css_parse::keyword_set!(FooKeywords { Auto : "auto", });
#[derive(Debug, Clone, PartialEq, Eq, PartialOrd, Ord, Hash)]
#[cfg_attr(feature = "serde", derive(serde::Serialize), serde())]
enum Foo {
    Auto(::css_parse::T![Ident]),
    Colors(types::Color, types::Color),
}
#[automatically_derived]
impl<'a> ::css_parse::Peek<'a> for Foo {
    fn peek(p: &::css_parse::Parser<'a>, c: ::css_lexer::Cursor) -> bool {
        use ::css_parse::Peek;
        p.peek::<::css_parse::T![Ident]>() || p.peek::<types::Color>()
    }
}
#[automatically_derived]
impl<'a> ::css_parse::Parse<'a> for Foo {
    fn parse(p: &mut ::css_parse::Parser<'a>) -> ::css_parse::Result<Self> {
        use ::css_parse::Parse;
        if p.peek::<::css_parse::T![Ident]>() {
            let c = p.peek_n(1);
            let keywords = p.parse::<FooKeywords>();
            match keywords {
                Ok(FooKeywords::Auto(_)) => {
                    return Ok(Self::Auto(p.parse::<::css_parse::T![Ident]>()?));
                }
                Err(_) => {}
            }
        }
        let val1 = p.parse::<types::Color>()?;
        let val2 = p.parse::<types::Color>()?;
        Ok(Self::Colors(val1, val2))
    }
}
#[automatically_derived]
impl ::css_parse::ToCursors for Foo {
    fn to_cursors(&self, s: &mut impl ::css_parse::CursorSink) {
        match self {
            Self::Auto(inner) => {
                s.append(inner.into());
            }
            Self::Colors(inner1, inner2) => {
                ::css_parse::ToCursors::to_cursors(inner1, s);
                ::css_parse::ToCursors::to_cursors(inner2, s);
            }
        }
    }
}
