---
source: crates/hdx_proc_macro/src/test.rs
expression: pretty
---
::css_parse::keyword_set!(
    FooKeywords { Black : "black", White : "white", LineThrough : "line-through", Pink :
    "pink", }
);
#[derive(Debug, Clone, PartialEq, Eq, PartialOrd, Ord, Hash)]
#[cfg_attr(feature = "serde", derive(serde::Serialize), serde())]
enum Foo {
    Black(::css_parse::T![Ident]),
    White(::css_parse::T![Ident]),
    LineThrough(::css_parse::T![Ident]),
    Pink(::css_parse::T![Ident]),
}
#[automatically_derived]
impl<'a> ::css_parse::Peek<'a> for Foo {
    fn peek(p: &::css_parse::Parser<'a>, c: ::css_lexer::Cursor) -> bool {
        use ::css_parse::Peek;
        p.peek::<::css_parse::T![Ident]>()
    }
}
#[automatically_derived]
impl<'a> ::css_parse::Parse<'a> for Foo {
    fn parse(p: &mut ::css_parse::Parser<'a>) -> ::css_parse::Result<Self> {
        use ::css_parse::Parse;
        if p.peek::<::css_parse::T![Ident]>() {
            let c = p.peek_n(1);
            let keywords = p.parse::<FooKeywords>();
            match keywords {
                Ok(FooKeywords::Black(_)) => {
                    return Ok(Self::Black(p.parse::<::css_parse::T![Ident]>()?));
                }
                Ok(FooKeywords::White(_)) => {
                    return Ok(Self::White(p.parse::<::css_parse::T![Ident]>()?));
                }
                Ok(FooKeywords::LineThrough(_)) => {
                    return Ok(Self::LineThrough(p.parse::<::css_parse::T![Ident]>()?));
                }
                Ok(FooKeywords::Pink(_)) => {
                    return Ok(Self::Pink(p.parse::<::css_parse::T![Ident]>()?));
                }
                Err(_) => {
                    Err(
                        ::css_parse::diagnostics::UnexpectedIdent(
                            p.parse_str(c).into(),
                            c.into(),
                        ),
                    )?
                }
            }
        }
        let c: ::css_lexer::Cursor = p.parse::<::css_parse::T![Any]>()?.into();
        Err(::css_parse::diagnostics::Unexpected(c.into(), c.into()))?
    }
}
#[automatically_derived]
impl ::css_parse::ToCursors for Foo {
    fn to_cursors(&self, s: &mut impl ::css_parse::CursorSink) {
        match self {
            Self::Black(inner) => {
                s.append(inner.into());
            }
            Self::White(inner) => {
                s.append(inner.into());
            }
            Self::LineThrough(inner) => {
                s.append(inner.into());
            }
            Self::Pink(inner) => {
                s.append(inner.into());
            }
        }
    }
}
