---
source: crates/hdx_highlight/src/tests.rs
expression: actual
---
<!DOCTYPE html>
<head>
	<style>
		:root { background: #22272E; color: hotpink }
		.tag { color: #8ddb8c }
		.punctuation { color: #d1d7e0 }
		.property { color: #6cb6ff }
		.pseudo-class { color: #6cb6ff }

		.unknown { color: grey }
		.deprecated { text-decoration: line-through }
		.experimental { text-decoration: wavy underline #bf4b8a 0.5px }
	</style>
</head>
<body>
	<pre>
		<code>
		<span class="Tag">body</span><span class="Punctuation">{</span><span class="Declaration">appearance</span><span class="Punctuation">:</span>initial<span class="Punctuation">;</span><span class="Declaration">color</span><span class="Punctuation">:</span>blue<span class="Punctuation">;</span><span class="Declaration unknown">will-ever-exist</span><span class="Punctuation">:</span> foo<span class="Punctuation">;</span><span class="Punctuation">}</span>
					</code>
				</pre>
			</body>
