---
source: crates/hdx_ast/tests/basic_snapshots.rs
expression: result.output.unwrap()
---
{
  "node": {
    "type": "stylesheet",
    "rules": [
      {
        "node": {
          "type": "stylerule",
          "selectors": {
            "node": [
              {
                "node": [
                  {
                    "type": "tag",
                    "value": {
                      "Html": "Body"
                    }
                  }
                ],
                "start": 0,
                "end": 4
              }
            ],
            "start": 0,
            "end": 4
          },
          "node": {
            "type": "style-declaration",
            "declarations": [
              {
                "node": {
                  "type": "property",
                  "name": "min-width",
                  "value": {
                    "LengthPercentage": {
                      "type": "px",
                      "value": 960.0
                    }
                  },
                  "important": false
                },
                "start": 6,
                "end": 26
              }
            ],
            "rules": []
          },
          "start": 4,
          "end": 28
        },
        "start": 0,
        "end": 28
      }
    ]
  },
  "start": 0,
  "end": 28
}
