---
source: crates/hdx_ast/tests/basic_snapshots.rs
expression: result.output.unwrap()
---
{
  "node": {
    "type": "stylesheet",
    "rules": [
      {
        "node": {
          "type": "stylerule",
          "selectors": {
            "node": [
              {
                "node": [
                  {
                    "type": "tag",
                    "value": {
                      "Html": "Hr"
                    }
                  }
                ],
                "start": 0,
                "end": 2
              }
            ],
            "start": 0,
            "end": 2
          },
          "node": {
            "type": "style-declaration",
            "declarations": [
              {
                "node": {
                  "type": "property",
                  "name": "background",
                  "value": [
                    {
                      "node": {
                        "type": "Function",
                        "name": "linear-gradient",
                        "values": [
                          {
                            "node": "to",
                            "start": 35,
                            "end": 37
                          },
                          {
                            "node": null,
                            "start": 37,
                            "end": 38
                          },
                          {
                            "node": "right",
                            "start": 38,
                            "end": 43
                          },
                          {
                            "node": null,
                            "start": 43,
                            "end": 44
                          },
                          {
                            "node": null,
                            "start": 44,
                            "end": 45
                          },
                          {
                            "node": "transparent",
                            "start": 45,
                            "end": 56
                          },
                          {
                            "node": null,
                            "start": 56,
                            "end": 57
                          },
                          {
                            "node": null,
                            "start": 57,
                            "end": 58
                          },
                          {
                            "node": {
                              "type": "Function",
                              "name": "var",
                              "values": [
                                {
                                  "node": "--border-color",
                                  "start": 62,
                                  "end": 76
                                }
                              ]
                            },
                            "start": 58,
                            "end": 77
                          },
                          {
                            "node": null,
                            "start": 77,
                            "end": 78
                          },
                          {
                            "node": [
                              20.0,
                              "%"
                            ],
                            "start": 78,
                            "end": 81
                          },
                          {
                            "node": null,
                            "start": 81,
                            "end": 82
                          },
                          {
                            "node": null,
                            "start": 82,
                            "end": 83
                          },
                          {
                            "node": {
                              "type": "Function",
                              "name": "var",
                              "values": [
                                {
                                  "node": "--border-color",
                                  "start": 87,
                                  "end": 101
                                }
                              ]
                            },
                            "start": 83,
                            "end": 102
                          },
                          {
                            "node": null,
                            "start": 102,
                            "end": 103
                          },
                          {
                            "node": [
                              80.0,
                              "%"
                            ],
                            "start": 103,
                            "end": 106
                          },
                          {
                            "node": null,
                            "start": 106,
                            "end": 107
                          },
                          {
                            "node": null,
                            "start": 107,
                            "end": 108
                          },
                          {
                            "node": "transparent",
                            "start": 108,
                            "end": 119
                          }
                        ]
                      },
                      "start": 19,
                      "end": 120
                    }
                  ],
                  "important": false
                },
                "start": 4,
                "end": 121
              }
            ],
            "rules": []
          },
          "start": 2,
          "end": 123
        },
        "start": 0,
        "end": 123
      }
    ]
  },
  "start": 0,
  "end": 123
}
