---
source: crates/hdx_ast/tests/postcss_snapshots.rs
expression: result.output.unwrap()
---
{
  "type": "stylesheet",
  "rules": [
    {
      "type": "stylerule",
      "selectors": [
        {
          "components": [
            {
              "type": "pseudo-class",
              "value": {
                "active": [
                  {
                    "kind": "Colon",
                    "len": 1
                  },
                  {
                    "kind": "Ident",
                    "offset": 1,
                    "len": 4
                  }
                ]
              }
            }
          ],
          "comma": null
        }
      ],
      "type": "style-declaration",
      "open": {
        "kind": "LeftCurly",
        "len": 1
      },
      "declarations": [
        {
          "type": "property",
          "name": {
            "kind": "Ident",
            "offset": 10,
            "len": 8
          },
          "colon": {
            "kind": "Colon",
            "len": 1
          },
          "value": {
            "values": [
              {
                "kind": "Whitespace",
                "len": 1
              },
              {
                "kind": "Number",
                "len": 1
              }
            ]
          },
          "important": null,
          "semicolon": {
            "kind": "Semicolon",
            "len": 1
          }
        },
        {
          "type": "property",
          "name": {
            "kind": "Ident",
            "offset": 25,
            "len": 6
          },
          "colon": {
            "kind": "Colon",
            "len": 1
          },
          "value": {
            "values": [
              {
                "kind": "Whitespace",
                "len": 1
              },
              {
                "kind": "Dimension",
                "offset": 33,
                "len": 5,
                "unit": "vw"
              }
            ]
          },
          "important": null,
          "semicolon": {
            "kind": "Semicolon",
            "len": 1
          }
        },
        {
          "type": "property",
          "name": {
            "kind": "Ident",
            "offset": 42,
            "len": 7
          },
          "colon": {
            "kind": "Colon",
            "len": 1
          },
          "value": {
            "values": [
              {
                "kind": "Whitespace",
                "len": 1
              },
              {
                "kind": "Hash",
                "offset": 51,
                "len": 4
              }
            ]
          },
          "important": null,
          "semicolon": {
            "kind": "Semicolon",
            "len": 1
          }
        },
        {
          "type": "property",
          "name": {
            "kind": "Ident",
            "offset": 60,
            "len": 10
          },
          "colon": {
            "kind": "Colon",
            "len": 1
          },
          "value": {
            "values": [
              {
                "kind": "Whitespace",
                "len": 1
              },
              {
                "type": "Function",
                "name": {
                  "kind": "Function",
                  "offset": 72,
                  "len": 5
                },
                "values": [
                  {
                    "kind": "Number",
                    "len": 1
                  },
                  {
                    "kind": "Whitespace",
                    "len": 1
                  },
                  {
                    "kind": "Delim",
                    "len": 1
                  },
                  {
                    "kind": "Whitespace",
                    "len": 1
                  },
                  {
                    "kind": "Number",
                    "len": 1
                  }
                ],
                "close_paren": {
                  "kind": "RightParen",
                  "len": 1
                }
              }
            ]
          },
          "important": null,
          "semicolon": {
            "kind": "Semicolon",
            "len": 1
          }
        },
        {
          "type": "property",
          "name": {
            "kind": "Ident",
            "offset": 87,
            "len": 10
          },
          "colon": {
            "kind": "Colon",
            "len": 1
          },
          "value": {
            "values": [
              {
                "kind": "Whitespace",
                "len": 1
              },
              {
                "type": "Function",
                "name": {
                  "kind": "Function",
                  "offset": 99,
                  "len": 4
                },
                "values": [
                  {
                    "kind": "Ident",
                    "offset": 103,
                    "len": 6
                  }
                ],
                "close_paren": {
                  "kind": "RightParen",
                  "len": 1
                }
              }
            ]
          },
          "important": null,
          "semicolon": {
            "kind": "Semicolon",
            "len": 1
          }
        },
        {
          "type": "property",
          "name": {
            "kind": "Ident",
            "offset": 115,
            "len": 8
          },
          "colon": {
            "kind": "Colon",
            "len": 1
          },
          "value": {
            "values": [
              {
                "kind": "Whitespace",
                "len": 1
              },
              {
                "kind": "String",
                "offset": 125,
                "len": 22
              }
            ]
          },
          "important": null,
          "semicolon": {
            "kind": "Semicolon",
            "len": 1
          }
        },
        {
          "type": "property",
          "name": {
            "kind": "Ident",
            "offset": 151,
            "len": 8
          },
          "colon": {
            "kind": "Colon",
            "len": 1
          },
          "value": {
            "values": [
              {
                "kind": "Whitespace",
                "len": 1
              },
              {
                "kind": "String",
                "offset": 161,
                "len": 22
              }
            ]
          },
          "important": null,
          "semicolon": {
            "kind": "Semicolon",
            "len": 1
          }
        },
        {
          "type": "property",
          "name": {
            "kind": "Ident",
            "offset": 188,
            "len": 14
          },
          "colon": {
            "kind": "Colon",
            "len": 1
          },
          "value": {
            "values": [
              {
                "kind": "Whitespace",
                "len": 1
              },
              {
                "type": "SimpleBlock",
                "start": 204,
                "open": {
                  "kind": "LeftSquare",
                  "len": 1
                },
                "values": {
                  "values": [
                    {
                      "kind": "Number",
                      "len": 1
                    },
                    {
                      "kind": "Comma",
                      "len": 1
                    },
                    {
                      "kind": "Whitespace",
                      "len": 1
                    },
                    {
                      "kind": "Number",
                      "len": 1
                    },
                    {
                      "kind": "Comma",
                      "len": 1
                    },
                    {
                      "kind": "Whitespace",
                      "len": 1
                    },
                    {
                      "kind": "Number",
                      "len": 1
                    }
                  ]
                },
                "close": {
                  "kind": "RightSquare",
                  "len": 1
                }
              }
            ]
          },
          "important": null,
          "semicolon": {
            "kind": "Semicolon",
            "len": 1
          }
        },
        {
          "type": "property",
          "name": {
            "kind": "Ident",
            "offset": 217,
            "len": 13
          },
          "colon": {
            "kind": "Colon",
            "len": 1
          },
          "value": {
            "values": [
              {
                "kind": "Whitespace",
                "len": 1
              },
              {
                "type": "SimpleBlock",
                "start": 232,
                "open": {
                  "kind": "LeftParen",
                  "len": 1
                },
                "values": {
                  "values": [
                    {
                      "kind": "Number",
                      "len": 1
                    },
                    {
                      "kind": "Comma",
                      "len": 1
                    },
                    {
                      "kind": "Whitespace",
                      "len": 1
                    },
                    {
                      "kind": "Number",
                      "len": 1
                    },
                    {
                      "kind": "Comma",
                      "len": 1
                    },
                    {
                      "kind": "Whitespace",
                      "len": 1
                    },
                    {
                      "kind": "Number",
                      "len": 1
                    }
                  ]
                },
                "close": {
                  "kind": "RightParen",
                  "len": 1
                }
              }
            ]
          },
          "important": null,
          "semicolon": {
            "kind": "Semicolon",
            "len": 1
          }
        },
        {
          "type": "property",
          "name": {
            "kind": "Ident",
            "offset": 246,
            "len": 8
          },
          "colon": {
            "kind": "Colon",
            "len": 1
          },
          "value": {
            "values": []
          },
          "important": null,
          "semicolon": {
            "kind": "Semicolon",
            "len": 1
          }
        },
        {
          "type": "property",
          "name": {
            "kind": "Ident",
            "offset": 260,
            "len": 8
          },
          "colon": {
            "kind": "Colon",
            "len": 1
          },
          "value": {
            "values": []
          },
          "important": null,
          "semicolon": {
            "kind": "Semicolon",
            "len": 1
          }
        },
        {
          "type": "property",
          "name": {
            "kind": "Ident",
            "offset": 278,
            "len": 8
          },
          "colon": {
            "kind": "Colon",
            "len": 1
          },
          "value": {
            "values": [
              {
                "kind": "Whitespace",
                "len": 1
              },
              {
                "kind": "Delim",
                "len": 1
              },
              {
                "kind": "Ident",
                "offset": 289,
                "len": 9
              }
            ]
          },
          "important": null,
          "semicolon": {
            "kind": "Semicolon",
            "len": 1
          }
        },
        {
          "type": "property",
          "name": {
            "kind": "Ident",
            "offset": 302,
            "len": 8
          },
          "colon": {
            "kind": "Colon",
            "len": 1
          },
          "value": {
            "values": [
              {
                "kind": "Whitespace",
                "len": 1
              },
              {
                "kind": "Delim",
                "len": 1
              },
              {
                "kind": "Ident",
                "offset": 317,
                "len": 9
              }
            ]
          },
          "important": null,
          "semicolon": {
            "kind": "Semicolon",
            "len": 1
          }
        },
        {
          "type": "property",
          "name": {
            "kind": "Ident",
            "offset": 330,
            "len": 8
          },
          "colon": {
            "kind": "Colon",
            "len": 1
          },
          "value": {
            "values": []
          },
          "important": null,
          "semicolon": {
            "kind": "Semicolon",
            "len": 1
          }
        },
        {
          "type": "property",
          "name": {
            "kind": "Ident",
            "offset": 349,
            "len": 15
          },
          "colon": {
            "kind": "Colon",
            "len": 1
          },
          "value": {
            "values": [
              {
                "kind": "Whitespace",
                "len": 1
              },
              {
                "type": "SimpleBlock",
                "start": 366,
                "open": {
                  "kind": "LeftCurly",
                  "len": 1
                },
                "values": {
                  "values": [
                    {
                      "kind": "Number",
                      "len": 1
                    },
                    {
                      "kind": "Comma",
                      "len": 1
                    },
                    {
                      "kind": "Whitespace",
                      "len": 1
                    },
                    {
                      "kind": "Number",
                      "len": 1
                    },
                    {
                      "kind": "Comma",
                      "len": 1
                    },
                    {
                      "kind": "Whitespace",
                      "len": 1
                    },
                    {
                      "kind": "Number",
                      "len": 1
                    }
                  ]
                },
                "close": {
                  "kind": "RightCurly",
                  "len": 1
                }
              }
            ]
          },
          "important": null,
          "semicolon": {
            "kind": "Semicolon",
            "len": 1
          }
        },
        {
          "type": "property",
          "name": {
            "kind": "Ident",
            "offset": 379,
            "len": 6
          },
          "colon": {
            "kind": "Colon",
            "len": 1
          },
          "value": {
            "values": [
              {
                "kind": "Whitespace",
                "len": 1
              },
              {
                "type": "SimpleBlock",
                "start": 387,
                "open": {
                  "kind": "LeftSquare",
                  "len": 1
                },
                "values": {
                  "values": [
                    {
                      "kind": "Number",
                      "len": 1
                    },
                    {
                      "kind": "Comma",
                      "len": 1
                    },
                    {
                      "kind": "Whitespace",
                      "len": 1
                    },
                    {
                      "kind": "String",
                      "offset": 391,
                      "len": 3
                    },
                    {
                      "kind": "Comma",
                      "len": 1
                    },
                    {
                      "kind": "Whitespace",
                      "len": 1
                    },
                    {
                      "type": "SimpleBlock",
                      "start": 396,
                      "open": {
                        "kind": "LeftCurly",
                        "len": 1
                      },
                      "values": {
                        "values": [
                          {
                            "kind": "String",
                            "offset": 397,
                            "len": 7
                          },
                          {
                            "kind": "Colon",
                            "len": 1
                          },
                          {
                            "kind": "Whitespace",
                            "len": 1
                          },
                          {
                            "type": "SimpleBlock",
                            "start": 406,
                            "open": {
                              "kind": "LeftCurly",
                              "len": 1
                            },
                            "values": {
                              "values": [
                                {
                                  "kind": "String",
                                  "offset": 407,
                                  "len": 3
                                },
                                {
                                  "kind": "Colon",
                                  "len": 1
                                },
                                {
                                  "kind": "Number",
                                  "len": 1
                                }
                              ]
                            },
                            "close": {
                              "kind": "RightCurly",
                              "len": 1
                            }
                          }
                        ]
                      },
                      "close": {
                        "kind": "RightCurly",
                        "len": 1
                      }
                    },
                    {
                      "kind": "Comma",
                      "len": 1
                    },
                    {
                      "kind": "Whitespace",
                      "len": 1
                    },
                    {
                      "type": "SimpleBlock",
                      "start": 416,
                      "open": {
                        "kind": "LeftSquare",
                        "len": 1
                      },
                      "values": {
                        "values": [
                          {
                            "kind": "Number",
                            "len": 1
                          }
                        ]
                      },
                      "close": {
                        "kind": "RightSquare",
                        "len": 1
                      }
                    }
                  ]
                },
                "close": {
                  "kind": "RightSquare",
                  "len": 1
                }
              }
            ]
          },
          "important": null,
          "semicolon": {
            "kind": "Semicolon",
            "len": 1
          }
        },
        {
          "type": "property",
          "name": {
            "kind": "Ident",
            "offset": 424,
            "len": 12
          },
          "colon": {
            "kind": "Colon",
            "len": 1
          },
          "value": {
            "values": [
              {
                "kind": "Whitespace",
                "len": 1
              },
              {
                "type": "Function",
                "name": {
                  "kind": "Function",
                  "offset": 438,
                  "len": 9
                },
                "values": [
                  {
                    "kind": "Ident",
                    "offset": 447,
                    "len": 4
                  }
                ],
                "close_paren": {
                  "kind": "RightParen",
                  "len": 1
                }
              },
              {
                "kind": "Whitespace",
                "len": 1
              },
              {
                "type": "SimpleBlock",
                "start": 453,
                "open": {
                  "kind": "LeftCurly",
                  "len": 1
                },
                "values": {
                  "values": [
                    {
                      "kind": "Whitespace",
                      "len": 1
                    },
                    {
                      "kind": "Ident",
                      "offset": 455,
                      "len": 7
                    },
                    {
                      "kind": "Delim",
                      "len": 1
                    },
                    {
                      "type": "Function",
                      "name": {
                        "kind": "Function",
                        "offset": 463,
                        "len": 4
                      },
                      "values": [
                        {
                          "kind": "Ident",
                          "offset": 467,
                          "len": 4
                        }
                      ],
                      "close_paren": {
                        "kind": "RightParen",
                        "len": 1
                      }
                    }
                  ]
                },
                "close": {
                  "kind": "RightCurly",
                  "len": 1
                }
              }
            ]
          },
          "important": null,
          "semicolon": {
            "kind": "Semicolon",
            "len": 1
          }
        }
      ],
      "rules": [],
      "close": {
        "kind": "RightCurly",
        "len": 1
      }
    },
    {
      "type": "stylerule",
      "selectors": [
        {
          "components": [
            {
              "type": "pseudo-class",
              "value": {
                "active": [
                  {
                    "kind": "Colon",
                    "len": 1
                  },
                  {
                    "kind": "Ident",
                    "offset": 480,
                    "len": 4
                  }
                ]
              }
            }
          ],
          "comma": null
        }
      ],
      "type": "style-declaration",
      "open": {
        "kind": "LeftCurly",
        "len": 1
      },
      "declarations": [
        {
          "type": "property",
          "name": {
            "kind": "Ident",
            "offset": 485,
            "len": 3
          },
          "colon": {
            "kind": "Colon",
            "len": 1
          },
          "value": {
            "values": [
              {
                "kind": "Number",
                "len": 1
              }
            ]
          },
          "important": null,
          "semicolon": null
        }
      ],
      "rules": [],
      "close": {
        "kind": "RightCurly",
        "len": 1
      }
    },
    {
      "type": "stylerule",
      "selectors": [
        {
          "components": [
            {
              "type": "class",
              "value": {
                "type": "Class",
                "dot": {
                  "kind": "Delim",
                  "len": 1
                },
                "name": {
                  "kind": "Ident",
                  "offset": 494,
                  "len": 14
                }
              }
            }
          ],
          "comma": null
        }
      ],
      "type": "style-declaration",
      "open": {
        "kind": "LeftCurly",
        "len": 1
      },
      "declarations": [
        {
          "type": "property",
          "name": {
            "kind": "Ident",
            "offset": 510,
            "len": 11
          },
          "colon": {
            "kind": "Colon",
            "len": 1
          },
          "value": {
            "values": []
          },
          "important": null,
          "semicolon": null
        }
      ],
      "rules": [],
      "close": {
        "kind": "RightCurly",
        "len": 1
      }
    },
    {
      "type": "stylerule",
      "selectors": [
        {
          "components": [
            {
              "type": "class",
              "value": {
                "type": "Class",
                "dot": {
                  "kind": "Delim",
                  "len": 1
                },
                "name": {
                  "kind": "Ident",
                  "offset": 531,
                  "len": 5
                }
              }
            }
          ],
          "comma": null
        }
      ],
      "type": "style-declaration",
      "open": {
        "kind": "LeftCurly",
        "len": 1
      },
      "declarations": [
        {
          "type": "property",
          "name": {
            "kind": "Ident",
            "offset": 537,
            "len": 3
          },
          "colon": {
            "kind": "Colon",
            "len": 1
          },
          "value": {
            "values": []
          },
          "important": null,
          "semicolon": null
        }
      ],
      "rules": [],
      "close": {
        "kind": "RightCurly",
        "len": 1
      }
    }
  ]
}
