---
source: crates/hdx_lexer/tests/basic_snapshots.rs
expression: tokens
---
[
  {
    "kind": "AtKeyword",
    "len": 6
  },
  {
    "kind": "Ident",
    "len": 6
  },
  {
    "kind": "LeftCurly",
    "len": 1
  },
  {
    "kind": "Ident",
    "len": 4
  },
  {
    "kind": "LeftCurly",
    "len": 1
  },
  {
    "kind": "Ident",
    "len": 5
  },
  {
    "kind": "Colon",
    "len": 1
  },
  {
    "kind": "Ident",
    "len": 5
  },
  {
    "kind": "RightCurly",
    "len": 1
  },
  {
    "kind": "RightCurly",
    "len": 1
  }
]
