---
source: crates/csskit_lexer/tests/basic_snapshots.rs
expression: tokens
---
[
  {
    "kind": "Ident",
    "len": 4
  },
  {
    "kind": "LeftCurly",
    "len": 1
  },
  {
    "kind": "Ident",
    "len": 9
  },
  {
    "kind": "Colon",
    "len": 1
  },
  {
    "kind": "Dimension",
    "len": 5,
    "unit": "px"
  },
  {
    "kind": "Semicolon",
    "len": 1
  },
  {
    "kind": "RightCurly",
    "len": 1
  }
]
