---
source: crates/csskit_lexer/tests/postcss_snapshots.rs
expression: tokens
---
[
  {
    "kind": "AtKeyword",
    "len": 9
  },
  {
    "kind": "LeftParen",
    "len": 1
  },
  {
    "kind": "Ident",
    "len": 14
  },
  {
    "kind": "Colon",
    "len": 1
  },
  {
    "kind": "Ident",
    "len": 4
  },
  {
    "kind": "RightParen",
    "len": 1
  },
  {
    "kind": "LeftCurly",
    "len": 1
  },
  {
    "kind": "AtKeyword",
    "len": 17
  },
  {
    "kind": "Ident",
    "len": 4
  },
  {
    "kind": "LeftCurly",
    "len": 1
  },
  {
    "kind": "Ident",
    "len": 4
  },
  {
    "kind": "LeftCurly",
    "len": 1
  },
  {
    "kind": "Ident",
    "len": 5
  },
  {
    "kind": "Colon",
    "len": 1
  },
  {
    "kind": "Ident",
    "len": 5
  },
  {
    "kind": "Semicolon",
    "len": 1
  },
  {
    "kind": "RightCurly",
    "len": 1
  },
  {
    "kind": "Ident",
    "len": 2
  },
  {
    "kind": "LeftCurly",
    "len": 1
  },
  {
    "kind": "Ident",
    "len": 5
  },
  {
    "kind": "Colon",
    "len": 1
  },
  {
    "kind": "Ident",
    "len": 5
  },
  {
    "kind": "RightCurly",
    "len": 1
  },
  {
    "kind": "RightCurly",
    "len": 1
  },
  {
    "kind": "RightCurly",
    "len": 1
  },
  {
    "kind": "AtKeyword",
    "len": 8
  },
  {
    "kind": "Function",
    "len": 9
  },
  {
    "kind": "Colon",
    "len": 1
  },
  {
    "kind": "Ident",
    "len": 13
  },
  {
    "kind": "RightParen",
    "len": 1
  },
  {
    "kind": "LeftCurly",
    "len": 1
  },
  {
    "kind": "Ident",
    "len": 1
  },
  {
    "kind": "Colon",
    "len": 1
  },
  {
    "kind": "Ident",
    "len": 13
  },
  {
    "kind": "LeftCurly",
    "len": 1
  },
  {
    "kind": "Ident",
    "len": 10
  },
  {
    "kind": "Colon",
    "len": 1
  },
  {
    "kind": "Ident",
    "len": 6
  },
  {
    "kind": "Semicolon",
    "len": 1
  },
  {
    "kind": "RightCurly",
    "len": 1
  },
  {
    "kind": "RightCurly",
    "len": 1
  }
]
