---
source: crates/csskit_proc_macro/src/test.rs
expression: pretty
---
::css_parse::keyword_set!(FooKeywords { None : "none", });
#[derive(Debug, Clone, PartialEq, Eq, PartialOrd, Ord, Hash)]
#[cfg_attr(feature = "serde", derive(serde::Serialize), serde())]
enum Foo {
    None(::css_parse::T![Ident]),
    CustomIdent(::css_parse::T![Ident]),
}
#[automatically_derived]
impl<'a> ::css_parse::Peek<'a> for Foo {
    fn peek(p: &::css_parse::Parser<'a>, c: ::css_lexer::Cursor) -> bool {
        use ::css_parse::Peek;
        <::css_parse::T![Ident]>::peek(p, c)
    }
}
#[automatically_derived]
impl<'a> ::css_parse::Parse<'a> for Foo {
    fn parse(p: &mut ::css_parse::Parser<'a>) -> ::css_parse::Result<Self> {
        use ::css_parse::{Parse, Peek};
        if let Some(keyword) = p.parse_if_peek::<FooKeywords>()? {
            use ::css_parse::Build;
            match keyword {
                FooKeywords::None(c) => {
                    return Ok(Self::None(<::css_parse::T![Ident]>::build(p, c)));
                }
            }
        } else {
            return Ok(Self::CustomIdent(p.parse::<::css_parse::T![Ident]>()?));
        }
        let c: ::css_lexer::Cursor = p.parse::<::css_parse::T![Any]>()?.into();
        Err(::css_parse::diagnostics::Unexpected(c.into(), c.into()))?
    }
}
#[automatically_derived]
impl ::css_parse::ToCursors for Foo {
    fn to_cursors(&self, s: &mut impl ::css_parse::CursorSink) {
        match self {
            Self::None(inner) => {
                s.append(inner.into());
            }
            Self::CustomIdent(inner) => {
                ::css_parse::ToCursors::to_cursors(inner, s);
            }
        }
    }
}
